// Jest Snapshot v1, https://goo.gl/fbAQLP

exports[`Test App render successfully 1`] = `
<div
  className="sc-bZQynM bmKOqU"
/>
`;
