// Jest Snapshot v1, https://goo.gl/fbAQLP

exports[`Test ContentItem render successfully 1`] = `
<div
  className="ContentItem"
/>
`;
